------------------------------------------------------------
TimeQuest Timing Analyzer Summary
------------------------------------------------------------

Type  : Slow 1100mV 85C Model Setup 'kbdex_ctrl:kbd_ctrl|ps2_iobase:ps2_ctrl|sigtrigger'
Slack : -4.225
TNS   : -51.744

Type  : Slow 1100mV 85C Model Setup 'CLOCK_50'
Slack : -3.671
TNS   : -83.971

Type  : Slow 1100mV 85C Model Setup 'kbdex_ctrl:kbd_ctrl|sigsend'
Slack : -3.405
TNS   : -6.670

Type  : Slow 1100mV 85C Model Setup 'vga_component|divider|vga_pll_inst|altera_pll_i|general[0].gpll~PLL_OUTPUT_COUNTER|divclk'
Slack : 20.609
TNS   : 0.000

Type  : Slow 1100mV 85C Model Hold 'CLOCK_50'
Slack : 0.127
TNS   : 0.000

Type  : Slow 1100mV 85C Model Hold 'vga_component|divider|vga_pll_inst|altera_pll_i|general[0].gpll~PLL_OUTPUT_COUNTER|divclk'
Slack : 0.466
TNS   : 0.000

Type  : Slow 1100mV 85C Model Hold 'kbdex_ctrl:kbd_ctrl|ps2_iobase:ps2_ctrl|sigtrigger'
Slack : 0.522
TNS   : 0.000

Type  : Slow 1100mV 85C Model Hold 'kbdex_ctrl:kbd_ctrl|sigsend'
Slack : 2.629
TNS   : 0.000

Type  : Slow 1100mV 85C Model Recovery 'kbdex_ctrl:kbd_ctrl|sigsend'
Slack : -4.947
TNS   : -14.836

Type  : Slow 1100mV 85C Model Recovery 'kbdex_ctrl:kbd_ctrl|ps2_iobase:ps2_ctrl|sigtrigger'
Slack : -3.853
TNS   : -41.945

Type  : Slow 1100mV 85C Model Recovery 'kbdex_ctrl:kbd_ctrl|ps2_iobase:ps2_ctrl|parchecked'
Slack : -3.412
TNS   : -3.412

Type  : Slow 1100mV 85C Model Recovery 'CLOCK_50'
Slack : -2.433
TNS   : -89.967

Type  : Slow 1100mV 85C Model Removal 'CLOCK_50'
Slack : 0.207
TNS   : 0.000

Type  : Slow 1100mV 85C Model Removal 'kbdex_ctrl:kbd_ctrl|ps2_iobase:ps2_ctrl|sigtrigger'
Slack : 0.596
TNS   : 0.000

Type  : Slow 1100mV 85C Model Removal 'kbdex_ctrl:kbd_ctrl|ps2_iobase:ps2_ctrl|parchecked'
Slack : 2.348
TNS   : 0.000

Type  : Slow 1100mV 85C Model Removal 'kbdex_ctrl:kbd_ctrl|sigsend'
Slack : 3.321
TNS   : 0.000

Type  : Slow 1100mV 85C Model Minimum Pulse Width 'kbdex_ctrl:kbd_ctrl|ps2_iobase:ps2_ctrl|sigtrigger'
Slack : -0.394
TNS   : -11.506

Type  : Slow 1100mV 85C Model Minimum Pulse Width 'kbdex_ctrl:kbd_ctrl|sigsend'
Slack : -0.394
TNS   : -1.563

Type  : Slow 1100mV 85C Model Minimum Pulse Width 'kbdex_ctrl:kbd_ctrl|ps2_iobase:ps2_ctrl|parchecked'
Slack : -0.394
TNS   : -0.551

Type  : Slow 1100mV 85C Model Minimum Pulse Width 'vga_component|divider|vga_pll_inst|altera_pll_i|general[0].gpll~FRACTIONAL_PLL|vcoph[0]'
Slack : 0.325
TNS   : 0.000

Type  : Slow 1100mV 85C Model Minimum Pulse Width 'CLOCK_50'
Slack : 8.883
TNS   : 0.000

Type  : Slow 1100mV 85C Model Minimum Pulse Width 'vga_component|divider|vga_pll_inst|altera_pll_i|general[0].gpll~PLL_OUTPUT_COUNTER|divclk'
Slack : 18.645
TNS   : 0.000

Type  : Slow 1100mV 0C Model Setup 'kbdex_ctrl:kbd_ctrl|ps2_iobase:ps2_ctrl|sigtrigger'
Slack : -4.364
TNS   : -52.053

Type  : Slow 1100mV 0C Model Setup 'kbdex_ctrl:kbd_ctrl|sigsend'
Slack : -3.531
TNS   : -6.942

Type  : Slow 1100mV 0C Model Setup 'CLOCK_50'
Slack : -3.491
TNS   : -70.711

Type  : Slow 1100mV 0C Model Setup 'vga_component|divider|vga_pll_inst|altera_pll_i|general[0].gpll~PLL_OUTPUT_COUNTER|divclk'
Slack : 20.152
TNS   : 0.000

Type  : Slow 1100mV 0C Model Hold 'CLOCK_50'
Slack : -0.234
TNS   : -0.957

Type  : Slow 1100mV 0C Model Hold 'vga_component|divider|vga_pll_inst|altera_pll_i|general[0].gpll~PLL_OUTPUT_COUNTER|divclk'
Slack : 0.436
TNS   : 0.000

Type  : Slow 1100mV 0C Model Hold 'kbdex_ctrl:kbd_ctrl|ps2_iobase:ps2_ctrl|sigtrigger'
Slack : 0.461
TNS   : 0.000

Type  : Slow 1100mV 0C Model Hold 'kbdex_ctrl:kbd_ctrl|sigsend'
Slack : 2.779
TNS   : 0.000

Type  : Slow 1100mV 0C Model Recovery 'kbdex_ctrl:kbd_ctrl|sigsend'
Slack : -4.714
TNS   : -14.137

Type  : Slow 1100mV 0C Model Recovery 'kbdex_ctrl:kbd_ctrl|ps2_iobase:ps2_ctrl|sigtrigger'
Slack : -3.906
TNS   : -40.858

Type  : Slow 1100mV 0C Model Recovery 'kbdex_ctrl:kbd_ctrl|ps2_iobase:ps2_ctrl|parchecked'
Slack : -3.520
TNS   : -3.520

Type  : Slow 1100mV 0C Model Recovery 'CLOCK_50'
Slack : -2.005
TNS   : -74.332

Type  : Slow 1100mV 0C Model Removal 'CLOCK_50'
Slack : -0.235
TNS   : -0.235

Type  : Slow 1100mV 0C Model Removal 'kbdex_ctrl:kbd_ctrl|ps2_iobase:ps2_ctrl|sigtrigger'
Slack : 0.542
TNS   : 0.000

Type  : Slow 1100mV 0C Model Removal 'kbdex_ctrl:kbd_ctrl|ps2_iobase:ps2_ctrl|parchecked'
Slack : 2.498
TNS   : 0.000

Type  : Slow 1100mV 0C Model Removal 'kbdex_ctrl:kbd_ctrl|sigsend'
Slack : 3.095
TNS   : 0.000

Type  : Slow 1100mV 0C Model Minimum Pulse Width 'kbdex_ctrl:kbd_ctrl|ps2_iobase:ps2_ctrl|sigtrigger'
Slack : -0.394
TNS   : -11.323

Type  : Slow 1100mV 0C Model Minimum Pulse Width 'kbdex_ctrl:kbd_ctrl|sigsend'
Slack : -0.394
TNS   : -1.545

Type  : Slow 1100mV 0C Model Minimum Pulse Width 'kbdex_ctrl:kbd_ctrl|ps2_iobase:ps2_ctrl|parchecked'
Slack : -0.394
TNS   : -0.541

Type  : Slow 1100mV 0C Model Minimum Pulse Width 'vga_component|divider|vga_pll_inst|altera_pll_i|general[0].gpll~FRACTIONAL_PLL|vcoph[0]'
Slack : 0.325
TNS   : 0.000

Type  : Slow 1100mV 0C Model Minimum Pulse Width 'CLOCK_50'
Slack : 8.835
TNS   : 0.000

Type  : Slow 1100mV 0C Model Minimum Pulse Width 'vga_component|divider|vga_pll_inst|altera_pll_i|general[0].gpll~PLL_OUTPUT_COUNTER|divclk'
Slack : 18.628
TNS   : 0.000

Type  : Fast 1100mV 85C Model Setup 'CLOCK_50'
Slack : -2.948
TNS   : -60.813

Type  : Fast 1100mV 85C Model Setup 'kbdex_ctrl:kbd_ctrl|ps2_iobase:ps2_ctrl|sigtrigger'
Slack : -2.057
TNS   : -23.425

Type  : Fast 1100mV 85C Model Setup 'kbdex_ctrl:kbd_ctrl|sigsend'
Slack : -1.670
TNS   : -3.241

Type  : Fast 1100mV 85C Model Setup 'vga_component|divider|vga_pll_inst|altera_pll_i|general[0].gpll~PLL_OUTPUT_COUNTER|divclk'
Slack : 29.453
TNS   : 0.000

Type  : Fast 1100mV 85C Model Hold 'kbdex_ctrl:kbd_ctrl|ps2_iobase:ps2_ctrl|sigtrigger'
Slack : 0.123
TNS   : 0.000

Type  : Fast 1100mV 85C Model Hold 'CLOCK_50'
Slack : 0.129
TNS   : 0.000

Type  : Fast 1100mV 85C Model Hold 'vga_component|divider|vga_pll_inst|altera_pll_i|general[0].gpll~PLL_OUTPUT_COUNTER|divclk'
Slack : 0.269
TNS   : 0.000

Type  : Fast 1100mV 85C Model Hold 'kbdex_ctrl:kbd_ctrl|sigsend'
Slack : 1.319
TNS   : 0.000

Type  : Fast 1100mV 85C Model Recovery 'kbdex_ctrl:kbd_ctrl|sigsend'
Slack : -3.282
TNS   : -9.844

Type  : Fast 1100mV 85C Model Recovery 'kbdex_ctrl:kbd_ctrl|ps2_iobase:ps2_ctrl|sigtrigger'
Slack : -1.936
TNS   : -18.749

Type  : Fast 1100mV 85C Model Recovery 'CLOCK_50'
Slack : -1.765
TNS   : -66.318

Type  : Fast 1100mV 85C Model Recovery 'kbdex_ctrl:kbd_ctrl|ps2_iobase:ps2_ctrl|parchecked'
Slack : -1.553
TNS   : -1.553

Type  : Fast 1100mV 85C Model Removal 'kbdex_ctrl:kbd_ctrl|ps2_iobase:ps2_ctrl|sigtrigger'
Slack : 0.124
TNS   : 0.000

Type  : Fast 1100mV 85C Model Removal 'CLOCK_50'
Slack : 0.182
TNS   : 0.000

Type  : Fast 1100mV 85C Model Removal 'kbdex_ctrl:kbd_ctrl|ps2_iobase:ps2_ctrl|parchecked'
Slack : 1.090
TNS   : 0.000

Type  : Fast 1100mV 85C Model Removal 'kbdex_ctrl:kbd_ctrl|sigsend'
Slack : 1.953
TNS   : 0.000

Type  : Fast 1100mV 85C Model Minimum Pulse Width 'kbdex_ctrl:kbd_ctrl|ps2_iobase:ps2_ctrl|parchecked'
Slack : 0.091
TNS   : 0.000

Type  : Fast 1100mV 85C Model Minimum Pulse Width 'kbdex_ctrl:kbd_ctrl|ps2_iobase:ps2_ctrl|sigtrigger'
Slack : 0.110
TNS   : 0.000

Type  : Fast 1100mV 85C Model Minimum Pulse Width 'kbdex_ctrl:kbd_ctrl|sigsend'
Slack : 0.139
TNS   : 0.000

Type  : Fast 1100mV 85C Model Minimum Pulse Width 'vga_component|divider|vga_pll_inst|altera_pll_i|general[0].gpll~FRACTIONAL_PLL|vcoph[0]'
Slack : 0.325
TNS   : 0.000

Type  : Fast 1100mV 85C Model Minimum Pulse Width 'CLOCK_50'
Slack : 8.811
TNS   : 0.000

Type  : Fast 1100mV 85C Model Minimum Pulse Width 'vga_component|divider|vga_pll_inst|altera_pll_i|general[0].gpll~PLL_OUTPUT_COUNTER|divclk'
Slack : 18.757
TNS   : 0.000

Type  : Fast 1100mV 0C Model Setup 'CLOCK_50'
Slack : -2.440
TNS   : -44.854

Type  : Fast 1100mV 0C Model Setup 'kbdex_ctrl:kbd_ctrl|ps2_iobase:ps2_ctrl|sigtrigger'
Slack : -1.999
TNS   : -21.600

Type  : Fast 1100mV 0C Model Setup 'kbdex_ctrl:kbd_ctrl|sigsend'
Slack : -1.638
TNS   : -3.192

Type  : Fast 1100mV 0C Model Setup 'vga_component|divider|vga_pll_inst|altera_pll_i|general[0].gpll~PLL_OUTPUT_COUNTER|divclk'
Slack : 30.030
TNS   : 0.000

Type  : Fast 1100mV 0C Model Hold 'CLOCK_50'
Slack : -0.030
TNS   : -0.091

Type  : Fast 1100mV 0C Model Hold 'kbdex_ctrl:kbd_ctrl|ps2_iobase:ps2_ctrl|sigtrigger'
Slack : 0.062
TNS   : 0.000

Type  : Fast 1100mV 0C Model Hold 'vga_component|divider|vga_pll_inst|altera_pll_i|general[0].gpll~PLL_OUTPUT_COUNTER|divclk'
Slack : 0.242
TNS   : 0.000

Type  : Fast 1100mV 0C Model Hold 'kbdex_ctrl:kbd_ctrl|sigsend'
Slack : 1.315
TNS   : 0.000

Type  : Fast 1100mV 0C Model Recovery 'kbdex_ctrl:kbd_ctrl|sigsend'
Slack : -2.806
TNS   : -8.416

Type  : Fast 1100mV 0C Model Recovery 'kbdex_ctrl:kbd_ctrl|ps2_iobase:ps2_ctrl|sigtrigger'
Slack : -1.853
TNS   : -16.862

Type  : Fast 1100mV 0C Model Recovery 'kbdex_ctrl:kbd_ctrl|ps2_iobase:ps2_ctrl|parchecked'
Slack : -1.531
TNS   : -1.531

Type  : Fast 1100mV 0C Model Recovery 'CLOCK_50'
Slack : -1.276
TNS   : -47.503

Type  : Fast 1100mV 0C Model Removal 'CLOCK_50'
Slack : -0.115
TNS   : -0.119

Type  : Fast 1100mV 0C Model Removal 'kbdex_ctrl:kbd_ctrl|ps2_iobase:ps2_ctrl|sigtrigger'
Slack : 0.053
TNS   : 0.000

Type  : Fast 1100mV 0C Model Removal 'kbdex_ctrl:kbd_ctrl|ps2_iobase:ps2_ctrl|parchecked'
Slack : 1.116
TNS   : 0.000

Type  : Fast 1100mV 0C Model Removal 'kbdex_ctrl:kbd_ctrl|sigsend'
Slack : 1.672
TNS   : 0.000

Type  : Fast 1100mV 0C Model Minimum Pulse Width 'kbdex_ctrl:kbd_ctrl|ps2_iobase:ps2_ctrl|parchecked'
Slack : 0.098
TNS   : 0.000

Type  : Fast 1100mV 0C Model Minimum Pulse Width 'kbdex_ctrl:kbd_ctrl|ps2_iobase:ps2_ctrl|sigtrigger'
Slack : 0.124
TNS   : 0.000

Type  : Fast 1100mV 0C Model Minimum Pulse Width 'kbdex_ctrl:kbd_ctrl|sigsend'
Slack : 0.141
TNS   : 0.000

Type  : Fast 1100mV 0C Model Minimum Pulse Width 'vga_component|divider|vga_pll_inst|altera_pll_i|general[0].gpll~FRACTIONAL_PLL|vcoph[0]'
Slack : 0.325
TNS   : 0.000

Type  : Fast 1100mV 0C Model Minimum Pulse Width 'CLOCK_50'
Slack : 8.802
TNS   : 0.000

Type  : Fast 1100mV 0C Model Minimum Pulse Width 'vga_component|divider|vga_pll_inst|altera_pll_i|general[0].gpll~PLL_OUTPUT_COUNTER|divclk'
Slack : 18.753
TNS   : 0.000

------------------------------------------------------------
